// Jest Snapshot v1, https://goo.gl/fbAQLP

exports[`testing search renders correctly 1`] = `
<div
  className="searchBar"
>
  <form>
    <label
      htmlFor="search"
    />
    <input
      name="search"
      onChange={[Function]}
      placeholder="Search"
    />
    <svg
      height="21"
      viewBox="0 0 12 13"
      width="20"
      xmlns="http://www.w3.org/2000/svg"
    >
      <g
        fill="none"
        stroke="#6c6c6c"
        strokeWidth="2"
      >
        <path
          d="M11.29 11.71l-4-4"
        />
        <circle
          cx="5"
          cy="5"
          r="4"
        />
      </g>
    </svg>
  </form>
</div>
`;
